I'm sorry, but errors were detected in your script. Please correct the
errors listed below, and try again.


File "game/script.rpy", line 13: end of line expected.
    show images/Frank 1
                      ^

Ren'Py Version: Ren'Py 8.3.7.25031702
Sat Apr 12 11:48:30 2025
